2026-02-12 14:18:20 | INFO     | log_event | Test message | test_param=test_value
2026-02-12 14:18:20 | INFO     | log_event | ============================================================
2026-02-12 14:18:20 | INFO     | log_event | ============================================================
2026-02-12 14:18:20 | INFO     | log_event | STARTING MOCK ORDER FLOW TEST
2026-02-12 14:18:20 | INFO     | log_event | STARTING MOCK ORDER FLOW TEST
2026-02-12 14:18:20 | INFO     | log_event | ============================================================
2026-02-12 14:18:20 | INFO     | log_event | ============================================================
2026-02-12 14:18:20 | INFO     | log_event | Exchange initialized | api_key_len=0 | has_secret=False
2026-02-12 14:18:20 | INFO     | log_event | Exchange initialized | api_key_len=0 | has_secret=False
2026-02-12 14:18:20 | WARNING  | log_event | Failed to load markets | attempt=1/5 | retry_in=3s | error=binance GET https://api.binance.com/api/v3/exchangeInfo
2026-02-12 14:18:20 | WARNING  | log_event | Failed to load markets | attempt=1/5 | retry_in=3s | error=binance GET https://api.binance.com/api/v3/exchangeInfo
2026-02-12 14:18:23 | WARNING  | log_event | Failed to load markets | attempt=2/5 | retry_in=6s | error=binance GET https://api.binance.com/api/v3/exchangeInfo
2026-02-12 14:18:23 | WARNING  | log_event | Failed to load markets | attempt=2/5 | retry_in=6s | error=binance GET https://api.binance.com/api/v3/exchangeInfo
2026-02-12 14:18:29 | WARNING  | log_event | Failed to load markets | attempt=3/5 | retry_in=9s | error=binance GET https://api.binance.com/api/v3/exchangeInfo
2026-02-12 14:18:29 | WARNING  | log_event | Failed to load markets | attempt=3/5 | retry_in=9s | error=binance GET https://api.binance.com/api/v3/exchangeInfo
2026-02-12 14:18:38 | WARNING  | log_event | Failed to load markets | attempt=4/5 | retry_in=12s | error=binance GET https://api.binance.com/api/v3/exchangeInfo
2026-02-12 14:18:38 | WARNING  | log_event | Failed to load markets | attempt=4/5 | retry_in=12s | error=binance GET https://api.binance.com/api/v3/exchangeInfo
2026-02-12 14:18:50 | WARNING  | log_event | Failed to load markets | attempt=5/5 | retry_in=15s | error=binance GET https://api.binance.com/api/v3/exchangeInfo
2026-02-12 14:18:50 | WARNING  | log_event | Failed to load markets | attempt=5/5 | retry_in=15s | error=binance GET https://api.binance.com/api/v3/exchangeInfo
2026-02-12 14:18:50 | CRITICAL | log_event | Failed to load markets after all retries
2026-02-12 14:18:50 | CRITICAL | log_event | Failed to load markets after all retries
